../Core/Src/main.c:73:6:HAL_TIM_PeriodElapsedCallback	16	static
../Core/Src/main.c:93:6:send_uart_msg	16	static
../Core/Src/main.c:105:6:set_pin_output	40	static
../Core/Src/main.c:114:6:set_pin_input	40	static
../Core/Src/main.c:123:6:delay_us	16	static
../Core/Src/main.c:130:6:dht11_start	8	static
../Core/Src/main.c:151:9:dht11_check_response	16	static
../Core/Src/main.c:168:9:dht11_read	16	static
../Core/Src/main.c:206:1:HAL_TIM_IC_CaptureCallback	24	static
../Core/Src/main.c:312:7:calculate_dust_density	32	static
../Core/Src/main.c:332:5:main	24	static
../Core/Src/main.c:427:6:SystemClock_Config	88	static
../Core/Src/main.c:474:13:MX_TIM2_Init	48	static
../Core/Src/main.c:532:13:MX_USART2_UART_Init	8	static
../Core/Src/main.c:565:13:MX_GPIO_Init	40	static
../Core/Src/main.c:618:6:Error_Handler	4	static,ignoring_inline_asm
